2026-08-31 22:18:30.031 [main] INFO  co.com.netec.users.Application - Starting Application using Java 21.0.8 with PID 1992 (/workspaces/users/target/classes started by vscode in /workspaces/users)
2026-08-31 22:18:30.034 [main] INFO  co.com.netec.users.Application - No active profile set, falling back to 1 default profile: "default"
2026-08-31 22:18:30.740 [main] INFO  o.s.d.r.c.RepositoryConfigurationDelegate - Bootstrapping Spring Data JPA repositories in DEFAULT mode.
2026-08-31 22:18:30.899 [main] INFO  o.s.d.r.c.RepositoryConfigurationDelegate - Finished Spring Data repository scanning in 147 ms. Found 2 JPA repository interfaces.
2026-08-31 22:18:31.327 [main] INFO  o.s.boot.tomcat.TomcatWebServer - Tomcat initialized with port 8081 (http)
2026-08-31 22:18:31.334 [main] INFO  o.a.coyote.http11.Http11NioProtocol - Initializing ProtocolHandler ["http-nio-8081"]
2026-08-31 22:18:31.335 [main] INFO  o.a.catalina.core.StandardService - Starting service [Tomcat]
2026-08-31 22:18:31.336 [main] INFO  o.a.catalina.core.StandardEngine - Starting Servlet engine: [Apache Tomcat/11.0.24]
2026-08-31 22:18:31.362 [main] INFO  o.s.b.w.c.s.WebApplicationContextInitializer - Root WebApplicationContext: initialization completed in 1273 ms
2026-08-31 22:18:31.471 [main] INFO  org.hibernate.orm.jpa - HHH008540: Processing PersistenceUnitInfo [name: default]
2026-08-31 22:18:31.496 [main] INFO  org.hibernate.orm.core - HHH000001: Hibernate ORM core version 7.4.5.Final
2026-08-31 22:18:31.708 [main] INFO  o.s.o.j.p.SpringPersistenceUnitInfo - No LoadTimeWeaver setup: ignoring JPA class transformer
2026-08-31 22:18:31.724 [main] INFO  com.zaxxer.hikari.HikariDataSource - HikariPool-1 - Starting...
2026-08-31 22:18:31.818 [main] INFO  com.zaxxer.hikari.pool.HikariPool - HikariPool-1 - Added connection com.mysql.cj.jdbc.ConnectionImpl@5d8e4fa8
2026-08-31 22:18:31.819 [main] INFO  com.zaxxer.hikari.HikariDataSource - HikariPool-1 - Start completed.
2026-08-31 22:18:31.879 [main] INFO  o.hibernate.orm.connections.pooling - HHH10001005: Database info:
	Database JDBC URL [jdbc:mysql://service_users:3306/usersdb?useSSL=false&serverTimezone=UTC]
	Database driver: MySQL Connector/J
	Database dialect: MySQLDialect
	Database version: 9.0.1
	Default catalog/schema: usersdb/undefined
	Autocommit mode: undefined/unknown
	Isolation level: REPEATABLE_READ [default REPEATABLE_READ]
	JDBC fetch size: none
	Pool: DataSourceConnectionProvider
	Minimum pool size: undefined/unknown
	Maximum pool size: undefined/unknown
2026-08-31 22:18:32.351 [main] INFO  org.hibernate.orm.core - HHH000489: No JTA platform available (set 'hibernate.transaction.jta.platform' to enable JTA platform integration)
2026-08-31 22:18:32.392 [main] INFO  o.s.o.j.LocalContainerEntityManagerFactoryBean - Initialized JPA EntityManagerFactory for persistence unit 'default'
2026-08-31 22:18:32.405 [main] WARN  o.s.b.w.s.s.c.AnnotationConfigServletWebServerApplicationContext - Exception encountered during context initialization - cancelling refresh attempt: org.springframework.beans.factory.UnsatisfiedDependencyException: Error creating bean with name 'userController' defined in file [/workspaces/users/target/classes/co/com/netec/users/controllers/UserController.class]: Unsatisfied dependency expressed through constructor parameter 0: No qualifying bean of type 'co.com.netec.users.services.UserService' available: expected at least 1 bean which qualifies as autowire candidate. Dependency annotations: {}
2026-08-31 22:18:32.405 [main] INFO  o.s.o.j.LocalContainerEntityManagerFactoryBean - Closing JPA EntityManagerFactory for persistence unit 'default'
2026-08-31 22:18:32.407 [main] INFO  com.zaxxer.hikari.HikariDataSource - HikariPool-1 - Shutdown initiated...
2026-08-31 22:18:32.411 [main] INFO  com.zaxxer.hikari.HikariDataSource - HikariPool-1 - Shutdown completed.
2026-08-31 22:18:32.413 [main] INFO  o.a.catalina.core.StandardService - Stopping service [Tomcat]
2026-08-31 22:18:32.418 [main] INFO  o.s.b.a.l.ConditionEvaluationReportLogger - 

Error starting ApplicationContext. To display the condition evaluation report re-run your application with 'debug' enabled.
2026-08-31 22:18:32.428 [main] ERROR o.s.b.d.LoggingFailureAnalysisReporter - 

***************************
APPLICATION FAILED TO START
***************************

Description:

Parameter 0 of constructor in co.com.netec.users.controllers.UserController required a bean of type 'co.com.netec.users.services.UserService' that could not be found.


Action:

Consider defining a bean of type 'co.com.netec.users.services.UserService' in your configuration.

2026-08-31 22:20:39.379 [main] INFO  co.com.netec.users.Application - Starting Application using Java 21.0.8 with PID 3836 (/workspaces/users/target/classes started by vscode in /workspaces/users)
2026-08-31 22:20:39.380 [main] INFO  co.com.netec.users.Application - No active profile set, falling back to 1 default profile: "default"
2026-08-31 22:20:39.695 [main] INFO  o.s.d.r.c.RepositoryConfigurationDelegate - Bootstrapping Spring Data JPA repositories in DEFAULT mode.
2026-08-31 22:20:39.761 [main] INFO  o.s.d.r.c.RepositoryConfigurationDelegate - Finished Spring Data repository scanning in 62 ms. Found 2 JPA repository interfaces.
2026-08-31 22:20:40.073 [main] INFO  o.s.boot.tomcat.TomcatWebServer - Tomcat initialized with port 8081 (http)
2026-08-31 22:20:40.080 [main] INFO  o.a.coyote.http11.Http11NioProtocol - Initializing ProtocolHandler ["http-nio-8081"]
2026-08-31 22:20:40.082 [main] INFO  o.a.catalina.core.StandardService - Starting service [Tomcat]
2026-08-31 22:20:40.082 [main] INFO  o.a.catalina.core.StandardEngine - Starting Servlet engine: [Apache Tomcat/11.0.24]
2026-08-31 22:20:40.119 [main] INFO  o.s.b.w.c.s.WebApplicationContextInitializer - Root WebApplicationContext: initialization completed in 700 ms
2026-08-31 22:20:40.213 [main] INFO  org.hibernate.orm.jpa - HHH008540: Processing PersistenceUnitInfo [name: default]
2026-08-31 22:20:40.236 [main] INFO  org.hibernate.orm.core - HHH000001: Hibernate ORM core version 7.4.5.Final
2026-08-31 22:20:40.436 [main] INFO  o.s.o.j.p.SpringPersistenceUnitInfo - No LoadTimeWeaver setup: ignoring JPA class transformer
2026-08-31 22:20:40.452 [main] INFO  com.zaxxer.hikari.HikariDataSource - HikariPool-1 - Starting...
2026-08-31 22:20:40.536 [main] INFO  com.zaxxer.hikari.pool.HikariPool - HikariPool-1 - Added connection com.mysql.cj.jdbc.ConnectionImpl@74e2cfc5
2026-08-31 22:20:40.537 [main] INFO  com.zaxxer.hikari.HikariDataSource - HikariPool-1 - Start completed.
2026-08-31 22:20:40.583 [main] INFO  o.hibernate.orm.connections.pooling - HHH10001005: Database info:
	Database JDBC URL [jdbc:mysql://service_users:3306/usersdb?useSSL=false&serverTimezone=UTC]
	Database driver: MySQL Connector/J
	Database dialect: MySQLDialect
	Database version: 9.0.1
	Default catalog/schema: usersdb/undefined
	Autocommit mode: undefined/unknown
	Isolation level: REPEATABLE_READ [default REPEATABLE_READ]
	JDBC fetch size: none
	Pool: DataSourceConnectionProvider
	Minimum pool size: undefined/unknown
	Maximum pool size: undefined/unknown
2026-08-31 22:20:41.057 [main] INFO  org.hibernate.orm.core - HHH000489: No JTA platform available (set 'hibernate.transaction.jta.platform' to enable JTA platform integration)
2026-08-31 22:20:41.099 [main] INFO  o.s.o.j.LocalContainerEntityManagerFactoryBean - Initialized JPA EntityManagerFactory for persistence unit 'default'
2026-08-31 22:20:41.147 [main] INFO  o.s.d.j.r.q.QueryEnhancerFactories - Hibernate is in classpath; If applicable, HQL parser will be used.
2026-08-31 22:20:41.592 [main] WARN  o.s.b.j.a.JpaBaseConfiguration$JpaWebConfiguration - spring.jpa.open-in-view is enabled by default. Therefore, database queries may be performed during view rendering. Explicitly configure spring.jpa.open-in-view to disable this warning
2026-08-31 22:20:41.837 [main] INFO  o.a.coyote.http11.Http11NioProtocol - Starting ProtocolHandler ["http-nio-8081"]
2026-08-31 22:20:41.845 [main] INFO  o.s.boot.tomcat.TomcatWebServer - Tomcat started on port 8081 (http) with context path '/'
2026-08-31 22:20:41.848 [main] INFO  co.com.netec.users.Application - Started Application in 2.779 seconds (process running for 2.954)
2026-08-31 22:21:03.185 [http-nio-8081-exec-1] INFO  o.a.c.c.C.[Tomcat].[localhost].[/] - Initializing Spring DispatcherServlet 'dispatcherServlet'
2026-08-31 22:21:03.185 [http-nio-8081-exec-1] INFO  o.s.web.servlet.DispatcherServlet - Initializing Servlet 'dispatcherServlet'
2026-08-31 22:21:03.186 [http-nio-8081-exec-1] INFO  o.s.web.servlet.DispatcherServlet - Completed initialization in 1 ms
2026-08-31 22:21:03.209 [http-nio-8081-exec-1] INFO  c.c.n.u.controllers.UserController - Recibida solicitud REST para generar reporte agregado del usuario: usr-0001
2026-08-31 22:21:03.592 [http-nio-8081-exec-1] ERROR c.c.netec.users.services.UserService - Fallo de comunicación por ID con la API de productos para el ID 4b97dc13-6382-4db0-961a-fdc1bd810599. Aplicando Fallback. Motivo: 500 : "{"timestamp":"2026-08-31T22:21:03.576104388","status":500,"error":"Internal Server Error","message":"Ocurrió un error inesperado en el sistema.","path":"/4b97dc13-6382-4db0-961a-fdc1bd810599"}"
2026-08-31 22:21:03.601 [http-nio-8081-exec-1] ERROR c.c.netec.users.services.UserService - Fallo de comunicación por ID con la API de productos para el ID 27a95f9d-52b2-4c3a-8397-38dae35a64a4. Aplicando Fallback. Motivo: 500 : "{"timestamp":"2026-08-31T22:21:03.599308437","status":500,"error":"Internal Server Error","message":"Ocurrió un error inesperado en el sistema.","path":"/27a95f9d-52b2-4c3a-8397-38dae35a64a4"}"
2026-08-31 22:21:03.601 [http-nio-8081-exec-1] INFO  c.c.netec.users.services.UserService - Reporte unificado del usuario [Carlos Mendoza] generado con éxito.
2026-08-31 22:23:54.439 [http-nio-8081-exec-3] INFO  c.c.n.u.controllers.UserController - Recibida solicitud REST para generar reporte agregado del usuario: usr-0001
2026-08-31 22:23:54.462 [http-nio-8081-exec-3] ERROR c.c.netec.users.services.UserService - Fallo de comunicación por ID con la API de productos para el ID 4b97dc13-6382-4db0-961a-fdc1bd810599. Aplicando Fallback. Motivo: 500 : "{"timestamp":"2026-08-31T22:23:54.458908347","status":500,"error":"Internal Server Error","message":"Ocurrió un error inesperado en el sistema.","path":"/4b97dc13-6382-4db0-961a-fdc1bd810599"}"
2026-08-31 22:23:54.470 [http-nio-8081-exec-3] ERROR c.c.netec.users.services.UserService - Fallo de comunicación por ID con la API de productos para el ID 27a95f9d-52b2-4c3a-8397-38dae35a64a4. Aplicando Fallback. Motivo: 500 : "{"timestamp":"2026-08-31T22:23:54.467677212","status":500,"error":"Internal Server Error","message":"Ocurrió un error inesperado en el sistema.","path":"/27a95f9d-52b2-4c3a-8397-38dae35a64a4"}"
2026-08-31 22:23:54.470 [http-nio-8081-exec-3] INFO  c.c.netec.users.services.UserService - Reporte unificado del usuario [Carlos Mendoza] generado con éxito.
2026-08-31 22:30:41.060 [http-nio-8081-exec-5] INFO  c.c.n.u.controllers.UserController - Recibida solicitud REST para generar reporte agregado del usuario: usr-0001
2026-08-31 22:30:41.078 [http-nio-8081-exec-5] ERROR c.c.netec.users.services.UserService - Fallo de comunicación por ID con la API de productos para el ID 3d703247-54bc-47ef-a69d-7531a638022e. Aplicando Fallback. Motivo: 500 : "{"timestamp":"2026-08-31T22:30:41.07550684","status":500,"error":"Internal Server Error","message":"Ocurrió un error inesperado en el sistema.","path":"/3d703247-54bc-47ef-a69d-7531a638022e"}"
2026-08-31 22:30:41.087 [http-nio-8081-exec-5] ERROR c.c.netec.users.services.UserService - Fallo de comunicación por ID con la API de productos para el ID 9fba7c1b-5972-4309-88ce-4a9ead7995fa. Aplicando Fallback. Motivo: 500 : "{"timestamp":"2026-08-31T22:30:41.084769126","status":500,"error":"Internal Server Error","message":"Ocurrió un error inesperado en el sistema.","path":"/9fba7c1b-5972-4309-88ce-4a9ead7995fa"}"
2026-08-31 22:30:41.087 [http-nio-8081-exec-5] INFO  c.c.netec.users.services.UserService - Reporte unificado del usuario [Carlos Mendoza] generado con éxito.
2026-08-31 22:31:58.923 [http-nio-8081-exec-7] INFO  c.c.n.u.controllers.UserController - Recibida solicitud REST para generar reporte agregado del usuario: usr-inexistente
2026-08-31 22:32:02.984 [http-nio-8081-exec-8] INFO  c.c.n.u.controllers.UserController - Recibida solicitud REST para generar reporte agregado del usuario: usr-0001
2026-08-31 22:32:03.003 [http-nio-8081-exec-8] ERROR c.c.netec.users.services.UserService - Fallo de comunicación por ID con la API de productos para el ID 3d703247-54bc-47ef-a69d-7531a638022e. Aplicando Fallback. Motivo: 500 : "{"timestamp":"2026-08-31T22:32:03.001122248","status":500,"error":"Internal Server Error","message":"Ocurrió un error inesperado en el sistema.","path":"/3d703247-54bc-47ef-a69d-7531a638022e"}"
2026-08-31 22:32:03.011 [http-nio-8081-exec-8] ERROR c.c.netec.users.services.UserService - Fallo de comunicación por ID con la API de productos para el ID 9fba7c1b-5972-4309-88ce-4a9ead7995fa. Aplicando Fallback. Motivo: 500 : "{"timestamp":"2026-08-31T22:32:03.009127592","status":500,"error":"Internal Server Error","message":"Ocurrió un error inesperado en el sistema.","path":"/9fba7c1b-5972-4309-88ce-4a9ead7995fa"}"
2026-08-31 22:32:03.012 [http-nio-8081-exec-8] INFO  c.c.netec.users.services.UserService - Reporte unificado del usuario [Carlos Mendoza] generado con éxito.
2026-08-31 22:34:14.267 [SpringApplicationShutdownHook] INFO  o.s.boot.tomcat.GracefulShutdown - Commencing graceful shutdown. Waiting for active requests to complete
2026-08-31 22:34:14.270 [tomcat-shutdown] INFO  o.s.boot.tomcat.GracefulShutdown - Graceful shutdown complete
2026-08-31 22:34:14.273 [SpringApplicationShutdownHook] INFO  o.s.o.j.LocalContainerEntityManagerFactoryBean - Closing JPA EntityManagerFactory for persistence unit 'default'
2026-08-31 22:34:14.277 [SpringApplicationShutdownHook] INFO  com.zaxxer.hikari.HikariDataSource - HikariPool-1 - Shutdown initiated...
2026-08-31 22:34:14.290 [SpringApplicationShutdownHook] INFO  com.zaxxer.hikari.HikariDataSource - HikariPool-1 - Shutdown completed.
2026-08-31 22:34:19.390 [main] INFO  co.com.netec.users.Application - Starting Application using Java 21.0.8 with PID 10525 (/workspaces/users/target/classes started by vscode in /workspaces/users)
2026-08-31 22:34:19.391 [main] INFO  co.com.netec.users.Application - No active profile set, falling back to 1 default profile: "default"
2026-08-31 22:34:19.684 [main] INFO  o.s.d.r.c.RepositoryConfigurationDelegate - Bootstrapping Spring Data JPA repositories in DEFAULT mode.
2026-08-31 22:34:19.754 [main] INFO  o.s.d.r.c.RepositoryConfigurationDelegate - Finished Spring Data repository scanning in 65 ms. Found 2 JPA repository interfaces.
2026-08-31 22:34:19.998 [main] INFO  o.s.boot.tomcat.TomcatWebServer - Tomcat initialized with port 8081 (http)
2026-08-31 22:34:20.006 [main] INFO  o.a.coyote.http11.Http11NioProtocol - Initializing ProtocolHandler ["http-nio-8081"]
2026-08-31 22:34:20.007 [main] INFO  o.a.catalina.core.StandardService - Starting service [Tomcat]
2026-08-31 22:34:20.007 [main] INFO  o.a.catalina.core.StandardEngine - Starting Servlet engine: [Apache Tomcat/11.0.24]
2026-08-31 22:34:20.041 [main] INFO  o.s.b.w.c.s.WebApplicationContextInitializer - Root WebApplicationContext: initialization completed in 628 ms
2026-08-31 22:34:20.128 [main] INFO  org.hibernate.orm.jpa - HHH008540: Processing PersistenceUnitInfo [name: default]
2026-08-31 22:34:20.152 [main] INFO  org.hibernate.orm.core - HHH000001: Hibernate ORM core version 7.4.5.Final
2026-08-31 22:34:20.356 [main] INFO  o.s.o.j.p.SpringPersistenceUnitInfo - No LoadTimeWeaver setup: ignoring JPA class transformer
2026-08-31 22:34:20.372 [main] INFO  com.zaxxer.hikari.HikariDataSource - HikariPool-1 - Starting...
2026-08-31 22:34:20.455 [main] INFO  com.zaxxer.hikari.pool.HikariPool - HikariPool-1 - Added connection com.mysql.cj.jdbc.ConnectionImpl@74e2cfc5
2026-08-31 22:34:20.456 [main] INFO  com.zaxxer.hikari.HikariDataSource - HikariPool-1 - Start completed.
2026-08-31 22:34:20.498 [main] INFO  o.hibernate.orm.connections.pooling - HHH10001005: Database info:
	Database JDBC URL [jdbc:mysql://service_users:3306/usersdb?useSSL=false&serverTimezone=UTC]
	Database driver: MySQL Connector/J
	Database dialect: MySQLDialect
	Database version: 9.0.1
	Default catalog/schema: usersdb/undefined
	Autocommit mode: undefined/unknown
	Isolation level: REPEATABLE_READ [default REPEATABLE_READ]
	JDBC fetch size: none
	Pool: DataSourceConnectionProvider
	Minimum pool size: undefined/unknown
	Maximum pool size: undefined/unknown
2026-08-31 22:34:20.951 [main] INFO  org.hibernate.orm.core - HHH000489: No JTA platform available (set 'hibernate.transaction.jta.platform' to enable JTA platform integration)
2026-08-31 22:34:20.978 [main] INFO  o.s.o.j.LocalContainerEntityManagerFactoryBean - Initialized JPA EntityManagerFactory for persistence unit 'default'
2026-08-31 22:34:21.023 [main] INFO  o.s.d.j.r.q.QueryEnhancerFactories - Hibernate is in classpath; If applicable, HQL parser will be used.
2026-08-31 22:34:21.462 [main] WARN  o.s.b.j.a.JpaBaseConfiguration$JpaWebConfiguration - spring.jpa.open-in-view is enabled by default. Therefore, database queries may be performed during view rendering. Explicitly configure spring.jpa.open-in-view to disable this warning
2026-08-31 22:34:21.645 [main] INFO  o.a.coyote.http11.Http11NioProtocol - Starting ProtocolHandler ["http-nio-8081"]
2026-08-31 22:34:21.652 [main] INFO  o.s.boot.tomcat.TomcatWebServer - Tomcat started on port 8081 (http) with context path '/'
2026-08-31 22:34:21.655 [main] INFO  co.com.netec.users.Application - Started Application in 2.604 seconds (process running for 2.83)
2026-08-31 22:34:50.719 [http-nio-8081-exec-1] INFO  o.a.c.c.C.[Tomcat].[localhost].[/] - Initializing Spring DispatcherServlet 'dispatcherServlet'
2026-08-31 22:34:50.719 [http-nio-8081-exec-1] INFO  o.s.web.servlet.DispatcherServlet - Initializing Servlet 'dispatcherServlet'
2026-08-31 22:34:50.720 [http-nio-8081-exec-1] INFO  o.s.web.servlet.DispatcherServlet - Completed initialization in 1 ms
2026-08-31 22:34:50.743 [http-nio-8081-exec-1] INFO  c.c.n.u.controllers.UserController - Recibida solicitud REST para generar reporte agregado del usuario: usr-0001
2026-08-31 22:34:51.109 [http-nio-8081-exec-1] INFO  c.c.netec.users.services.UserService - Reporte unificado del usuario [Carlos Mendoza] generado con éxito.
2026-08-31 22:46:12.441 [SpringApplicationShutdownHook] INFO  o.s.boot.tomcat.GracefulShutdown - Commencing graceful shutdown. Waiting for active requests to complete
2026-08-31 22:46:12.443 [tomcat-shutdown] INFO  o.s.boot.tomcat.GracefulShutdown - Graceful shutdown complete
2026-08-31 22:46:12.446 [SpringApplicationShutdownHook] INFO  o.s.o.j.LocalContainerEntityManagerFactoryBean - Closing JPA EntityManagerFactory for persistence unit 'default'
2026-08-31 22:46:12.449 [SpringApplicationShutdownHook] INFO  com.zaxxer.hikari.HikariDataSource - HikariPool-1 - Shutdown initiated...
2026-08-31 22:46:12.454 [SpringApplicationShutdownHook] INFO  com.zaxxer.hikari.HikariDataSource - HikariPool-1 - Shutdown completed.
2026-08-31 22:46:26.638 [main] INFO  c.c.n.users.UsersApplicationTests - Starting UsersApplicationTests using Java 21.0.8 with PID 16285 (started by vscode in /workspaces/users)
2026-08-31 22:46:26.640 [main] INFO  c.c.n.users.UsersApplicationTests - No active profile set, falling back to 1 default profile: "default"
2026-08-31 22:46:27.227 [main] INFO  o.s.d.r.c.RepositoryConfigurationDelegate - Bootstrapping Spring Data JPA repositories in DEFAULT mode.
2026-08-31 22:46:27.362 [main] INFO  o.s.d.r.c.RepositoryConfigurationDelegate - Finished Spring Data repository scanning in 125 ms. Found 2 JPA repository interfaces.
2026-08-31 22:46:27.856 [main] INFO  org.hibernate.orm.jpa - HHH008540: Processing PersistenceUnitInfo [name: default]
2026-08-31 22:46:27.909 [main] INFO  org.hibernate.orm.core - HHH000001: Hibernate ORM core version 7.4.5.Final
2026-08-31 22:46:28.169 [main] INFO  o.s.o.j.p.SpringPersistenceUnitInfo - No LoadTimeWeaver setup: ignoring JPA class transformer
2026-08-31 22:46:28.200 [main] INFO  com.zaxxer.hikari.HikariDataSource - HikariPool-1 - Starting...
2026-08-31 22:46:28.366 [main] INFO  com.zaxxer.hikari.pool.HikariPool - HikariPool-1 - Added connection com.mysql.cj.jdbc.ConnectionImpl@18853e65
2026-08-31 22:46:28.368 [main] INFO  com.zaxxer.hikari.HikariDataSource - HikariPool-1 - Start completed.
2026-08-31 22:46:28.454 [main] INFO  o.hibernate.orm.connections.pooling - HHH10001005: Database info:
	Database JDBC URL [jdbc:mysql://service_users:3306/usersdb?useSSL=false&serverTimezone=UTC]
	Database driver: MySQL Connector/J
	Database dialect: MySQLDialect
	Database version: 9.0.1
	Default catalog/schema: usersdb/undefined
	Autocommit mode: undefined/unknown
	Isolation level: REPEATABLE_READ [default REPEATABLE_READ]
	JDBC fetch size: none
	Pool: DataSourceConnectionProvider
	Minimum pool size: undefined/unknown
	Maximum pool size: undefined/unknown
2026-08-31 22:46:29.190 [main] INFO  org.hibernate.orm.core - HHH000489: No JTA platform available (set 'hibernate.transaction.jta.platform' to enable JTA platform integration)
2026-08-31 22:46:29.236 [main] INFO  o.s.o.j.LocalContainerEntityManagerFactoryBean - Initialized JPA EntityManagerFactory for persistence unit 'default'
2026-08-31 22:46:29.301 [main] INFO  o.s.d.j.r.q.QueryEnhancerFactories - Hibernate is in classpath; If applicable, HQL parser will be used.
2026-08-31 22:46:30.093 [main] WARN  o.s.b.j.a.JpaBaseConfiguration$JpaWebConfiguration - spring.jpa.open-in-view is enabled by default. Therefore, database queries may be performed during view rendering. Explicitly configure spring.jpa.open-in-view to disable this warning
2026-08-31 22:46:30.480 [main] INFO  c.c.n.users.UsersApplicationTests - Started UsersApplicationTests in 4.242 seconds (process running for 6.915)
2026-08-31 22:46:30.516 [SpringApplicationShutdownHook] INFO  o.s.o.j.LocalContainerEntityManagerFactoryBean - Closing JPA EntityManagerFactory for persistence unit 'default'
2026-08-31 22:46:30.591 [SpringApplicationShutdownHook] INFO  com.zaxxer.hikari.HikariDataSource - HikariPool-1 - Shutdown initiated...
2026-08-31 22:46:30.598 [SpringApplicationShutdownHook] INFO  com.zaxxer.hikari.HikariDataSource - HikariPool-1 - Shutdown completed.
